// Jest Snapshot v1, https://goo.gl/fbAQLP

exports[`<NewMovie 1`] = `
<div>
  <h2
    data-testid="page-title"
  >
    New Movie
  </h2>
  <div>
    <form
      data-testid="movie-form"
    >
      <label
        for="text"
      >
        text
        <input
          data-testid="movie-input"
          id="text"
          type="text"
        />
      </label>
      <button
        type="submit"
      >
        Submit
      </button>
    </form>
  </div>
</div>
`;
